I'm sorry, but errors were detected in your script. Please correct the
errors listed below, and try again.


File "game/script.rpy", line 40: invalid syntax
    RPGCharacter('Bill' relationship = {\
                         ^

Ren'Py Version: Ren'Py 8.1.3.23091805
Sat Sep  7 11:28:39 2024
